// Vitest Snapshot v1, https://vitest.dev/guide/snapshot.html

exports[`Post Page test - > renders correctly 1`] = `
<div
  class="makeStyles-desktopContainer-3"
>
  <div
    class="makeStyles-desktopPostSection-5"
    id="post"
  >
    <div
      class="MuiPaper-root MuiPaper-elevation MuiPaper-rounded MuiPaper-elevation1 MuiCard-root css-6fm6rz-MuiPaper-root-MuiCard-root"
    >
      <div
        class="MuiCardHeader-root css-149tc0y-MuiCardHeader-root"
      >
        <div
          class="MuiCardHeader-content css-1jkp9bu-MuiCardHeader-content"
        >
          <span
            class="MuiTypography-root MuiTypography-h5 MuiCardHeader-title css-ku7d13-MuiTypography-root"
          >
            <div
              class="MuiGrid-root MuiGrid-container MuiGrid-direction-xs-row css-wjsns7-MuiGrid-root"
              justify="flex-start"
            >
              <div
                class="MuiGrid-root MuiGrid-direction-xs-row css-17fpwt7-MuiGrid-root"
              >
                <span
                  class="MuiSkeleton-root MuiSkeleton-rect MuiSkeleton-pulse css-1lblo9c-MuiSkeleton-root"
                  style="width: 200px; margin-right: 10px;"
                />
              </div>
              <div
                class="MuiGrid-root MuiGrid-direction-xs-row css-17fpwt7-MuiGrid-root"
              >
                <span
                  class="MuiSkeleton-root MuiSkeleton-circle MuiSkeleton-pulse css-1lblo9c-MuiSkeleton-root"
                  style="width: 30px; height: 30px;"
                />
              </div>
              <div
                class="MuiGrid-root MuiGrid-direction-xs-row css-17fpwt7-MuiGrid-root"
              >
                <span
                  class="MuiSkeleton-root MuiSkeleton-circle MuiSkeleton-pulse css-1lblo9c-MuiSkeleton-root"
                  style="width: 30px; height: 30px;"
                />
              </div>
            </div>
          </span>
        </div>
        <div
          class="MuiCardHeader-action css-116l9hl-MuiCardHeader-action"
        >
          <div
            class="MuiGrid-root MuiGrid-container MuiGrid-direction-xs-row css-wjsns7-MuiGrid-root"
            justify="flex-start"
            style="margin-top: 15px;"
          >
            <div
              class="MuiGrid-root MuiGrid-direction-xs-row css-17fpwt7-MuiGrid-root"
            >
              <span
                class="MuiSkeleton-root MuiSkeleton-rect MuiSkeleton-pulse css-1lblo9c-MuiSkeleton-root"
                style="width: 30px; margin-right: 5px;"
              />
            </div>
            <div
              class="MuiGrid-root MuiGrid-direction-xs-row css-17fpwt7-MuiGrid-root"
            >
               
              /
               
            </div>
            <div
              class="MuiGrid-root MuiGrid-direction-xs-row css-17fpwt7-MuiGrid-root"
            >
              <span
                class="MuiSkeleton-root MuiSkeleton-rect MuiSkeleton-pulse css-1lblo9c-MuiSkeleton-root"
                style="width: 30px; margin-left: 5px;"
              />
            </div>
          </div>
        </div>
      </div>
      <div
        class="MuiCardHeader-root css-149tc0y-MuiCardHeader-root"
        style="padding: 0px; margin-left: 15px;"
      >
        <div
          class="MuiCardHeader-avatar css-1r9wl67-MuiCardHeader-avatar"
        >
          <span
            class="MuiSkeleton-root MuiSkeleton-circle MuiSkeleton-pulse css-1lblo9c-MuiSkeleton-root"
            style="width: 50px; height: 50px;"
          />
        </div>
        <div
          class="MuiCardHeader-content css-1jkp9bu-MuiCardHeader-content"
        >
          <span
            class="MuiTypography-root MuiTypography-body2 MuiCardHeader-title css-1nmqws6-MuiTypography-root"
          >
            <span
              class="MuiSkeleton-root MuiSkeleton-rect MuiSkeleton-pulse css-1lblo9c-MuiSkeleton-root"
              style="width: 80px; margin-bottom: 5px;"
            />
          </span>
          <span
            class="MuiTypography-root MuiTypography-body2 MuiCardHeader-subheader css-ihhumc-MuiTypography-root"
          >
            <span
              class="MuiSkeleton-root MuiSkeleton-rect MuiSkeleton-pulse css-1lblo9c-MuiSkeleton-root"
              style="width: 130px;"
            />
          </span>
        </div>
      </div>
      <div
        class="MuiCardContent-root css-1lt5qva-MuiCardContent-root"
      >
        <span
          class="MuiSkeleton-root MuiSkeleton-text MuiSkeleton-wave css-1k2ey29-MuiSkeleton-root"
          style="height: 30px;"
        />
        <span
          class="MuiSkeleton-root MuiSkeleton-text MuiSkeleton-wave css-1k2ey29-MuiSkeleton-root"
          style="height: 30px;"
        />
        <span
          class="MuiSkeleton-root MuiSkeleton-text MuiSkeleton-wave css-1k2ey29-MuiSkeleton-root"
          style="height: 30px;"
        />
        <span
          class="MuiSkeleton-root MuiSkeleton-text MuiSkeleton-wave css-1k2ey29-MuiSkeleton-root"
          style="width: 50%; height: 30px;"
        />
      </div>
      <div
        class="MuiCardActions-root css-1wwmo7x-MuiCardActions-root"
        style="margin-left: 5px;"
      >
        <span
          class="MuiSkeleton-root MuiSkeleton-rect MuiSkeleton-pulse css-1lblo9c-MuiSkeleton-root"
          style="width: 130px; height: 30px; margin-right: 5px;"
        />
        <span
          class="MuiSkeleton-root MuiSkeleton-rect MuiSkeleton-pulse css-1lblo9c-MuiSkeleton-root"
          style="width: 130px; height: 30px;"
        />
        <span
          class="MuiSkeleton-root MuiSkeleton-circle MuiSkeleton-pulse css-1lblo9c-MuiSkeleton-root"
          style="width: 30px; height: 30px; margin-left: auto;"
        />
        <span
          class="MuiSkeleton-root MuiSkeleton-circle MuiSkeleton-pulse css-1lblo9c-MuiSkeleton-root"
          style="width: 30px; height: 30px; margin-right: 5px; margin-left: 5px;"
        />
        <span
          class="MuiSkeleton-root MuiSkeleton-circle MuiSkeleton-pulse css-1lblo9c-MuiSkeleton-root"
          style="width: 30px; height: 30px;"
        />
      </div>
    </div>
  </div>
  <div
    class="makeStyles-desktopInteractionSection-9"
  >
    <div
      class="makeStyles-desktopMessagesContainer-10"
    >
      <div
        class="MuiGrid-root MuiGrid-container MuiGrid-direction-xs-row css-1ngyxha-MuiGrid-root"
        justify="space-between"
      />
      <span
        class="MuiSkeleton-root MuiSkeleton-rect MuiSkeleton-pulse css-1lblo9c-MuiSkeleton-root"
        style="height: 118px;"
      />
      <br />
      <span
        class="MuiSkeleton-root MuiSkeleton-rect MuiSkeleton-pulse css-1lblo9c-MuiSkeleton-root"
        style="height: 118px;"
      />
      <br />
      <span
        class="MuiSkeleton-root MuiSkeleton-rect MuiSkeleton-pulse css-1lblo9c-MuiSkeleton-root"
        style="height: 118px;"
      />
    </div>
    <div
      class="makeStyles-desktopChatInputContainer-11"
    >
      <div
        class="MuiGrid-root MuiGrid-container MuiGrid-direction-xs-row makeStyles-root-15 css-wjsns7-MuiGrid-root"
        justify="center"
      >
        <div
          class="MuiGrid-root MuiGrid-direction-xs-row css-17fpwt7-MuiGrid-root"
        >
          <p
            class="MuiTypography-root MuiTypography-body1 makeStyles-chat-16 css-1edfpdg-MuiTypography-root"
          >
            Chat
          </p>
        </div>
        <div
          class="MuiGrid-root MuiGrid-direction-xs-row css-17fpwt7-MuiGrid-root"
        >
          <div
            class="MuiPaper-root MuiPaper-elevation MuiPaper-rounded MuiPaper-elevation0 css-1dtoofl-MuiPaper-root"
          >
            <div
              class="MuiInputBase-root MuiInputBase-colorPrimary makeStyles-input-17 css-1emi5m7-MuiInputBase-root"
            >
              <input
                class="MuiInputBase-input css-1jrstcx-MuiInputBase-input"
                placeholder="type a message..."
                type="text"
                value=""
              />
            </div>
            <button
              class="MuiButtonBase-root MuiIconButton-root MuiIconButton-sizeMedium makeStyles-send-18 css-1rjloaz-MuiButtonBase-root-MuiIconButton-root"
              tabindex="0"
              type="button"
            >
              <img
                alt="send"
                src="/assets/SendIcon.svg"
              />
            </button>
          </div>
        </div>
      </div>
    </div>
  </div>
</div>
`;
