// Vitest Snapshot v1, https://vitest.dev/guide/snapshot.html

exports[`Plans test - > renders correctly 1`] = `
<div
  class="makeStyles-container-2"
>
  <div
    class="MuiGrid-root MuiGrid-container MuiGrid-direction-xs-row css-d64g0g-MuiGrid-root"
    justify="center"
    style="margin-right: 24px;"
  >
    <div
      class="MuiGrid-root MuiGrid-container MuiGrid-direction-xs-row css-j0o5il-MuiGrid-root"
      justify="center"
    >
      <p
        class="MuiTypography-root MuiTypography-body1 makeStyles-select-36 css-1edfpdg-MuiTypography-root"
      >
        Select To Learn More
      </p>
      <div
        class="MuiGrid-root MuiGrid-container MuiGrid-direction-xs-column css-1bkjq21-MuiGrid-root"
        justify="space-evenly"
      >
        <button
          class="MuiButtonBase-root MuiButton-root MuiButton-outlined MuiButton-outlinedPrimary MuiButton-sizeMedium MuiButton-outlinedSizeMedium MuiButton-colorPrimary MuiButton-root MuiButton-outlined MuiButton-outlinedPrimary MuiButton-sizeMedium MuiButton-outlinedSizeMedium MuiButton-colorPrimary makeStyles-planButton-39 css-133tjmd-MuiButtonBase-root-MuiButton-root"
          tabindex="0"
          type="button"
        >
          Personal
        </button>
        <button
          class="MuiButtonBase-root MuiButton-root MuiButton-outlined MuiButton-outlinedPrimary MuiButton-sizeMedium MuiButton-outlinedSizeMedium MuiButton-colorPrimary MuiButton-root MuiButton-outlined MuiButton-outlinedPrimary MuiButton-sizeMedium MuiButton-outlinedSizeMedium MuiButton-colorPrimary makeStyles-planButton-39 css-133tjmd-MuiButtonBase-root-MuiButton-root"
          tabindex="0"
          type="button"
        >
          Business
        </button>
        <button
          class="MuiButtonBase-root MuiButton-root MuiButton-outlined MuiButton-outlinedPrimary MuiButton-sizeMedium MuiButton-outlinedSizeMedium MuiButton-colorPrimary MuiButton-root MuiButton-outlined MuiButton-outlinedPrimary MuiButton-sizeMedium MuiButton-outlinedSizeMedium MuiButton-colorPrimary makeStyles-planButton-39 css-133tjmd-MuiButtonBase-root-MuiButton-root"
          tabindex="0"
          type="button"
        >
          Investors
        </button>
      </div>
      <div
        class="MuiGrid-root MuiGrid-container MuiGrid-direction-xs-row makeStyles-plans-37 css-d64g0g-MuiGrid-root"
        justify="space-evenly"
      >
        <div
          class="MuiGrid-root MuiGrid-direction-xs-row css-17fpwt7-MuiGrid-root"
        >
          <div
            class="MuiGrid-root MuiGrid-container MuiGrid-direction-xs-column css-1bkjq21-MuiGrid-root"
          >
            <img
              alt="personal"
              class="makeStyles-planAvatar-38"
              src="/assets/PersonalPlanAvatar.png"
            />
            <button
              class="MuiButtonBase-root MuiButton-root MuiButton-outlined MuiButton-outlinedPrimary MuiButton-sizeMedium MuiButton-outlinedSizeMedium MuiButton-colorPrimary MuiButton-root MuiButton-outlined MuiButton-outlinedPrimary MuiButton-sizeMedium MuiButton-outlinedSizeMedium MuiButton-colorPrimary makeStyles-planButton-39 css-133tjmd-MuiButtonBase-root-MuiButton-root"
              tabindex="0"
              type="button"
            >
              Personal
            </button>
          </div>
        </div>
        <div
          class="MuiGrid-root MuiGrid-direction-xs-row css-17fpwt7-MuiGrid-root"
        >
          <div
            class="MuiGrid-root MuiGrid-container MuiGrid-direction-xs-column css-1bkjq21-MuiGrid-root"
          >
            <img
              alt="business"
              class="makeStyles-planAvatar-38"
              src="/assets/BusinessPlanAvatar.png"
            />
            <button
              class="MuiButtonBase-root MuiButton-root MuiButton-outlined MuiButton-outlinedPrimary MuiButton-sizeMedium MuiButton-outlinedSizeMedium MuiButton-colorPrimary MuiButton-root MuiButton-outlined MuiButton-outlinedPrimary MuiButton-sizeMedium MuiButton-outlinedSizeMedium MuiButton-colorPrimary makeStyles-planButton-39 css-133tjmd-MuiButtonBase-root-MuiButton-root"
              tabindex="0"
              type="button"
            >
              Business
            </button>
          </div>
        </div>
        <div
          class="MuiGrid-root MuiGrid-direction-xs-row css-17fpwt7-MuiGrid-root"
        >
          <div
            class="MuiGrid-root MuiGrid-container MuiGrid-direction-xs-column css-1bkjq21-MuiGrid-root"
          >
            <img
              alt="investor"
              class="makeStyles-planAvatar-38"
              src="/assets/InvestorPlanAvatar.png"
            />
            <button
              class="MuiButtonBase-root MuiButton-root MuiButton-outlined MuiButton-outlinedPrimary MuiButton-sizeMedium MuiButton-outlinedSizeMedium MuiButton-colorPrimary MuiButton-root MuiButton-outlined MuiButton-outlinedPrimary MuiButton-sizeMedium MuiButton-outlinedSizeMedium MuiButton-colorPrimary makeStyles-planButton-39 css-133tjmd-MuiButtonBase-root-MuiButton-root"
              tabindex="0"
              type="button"
            >
              Investors
            </button>
          </div>
        </div>
      </div>
    </div>
  </div>
</div>
`;
