// Vitest Snapshot v1, https://vitest.dev/guide/snapshot.html

exports[`PaymentMethod test - > renders correctly 1`] = `
<form>
  <div
    class="MuiPaper-root MuiPaper-elevation MuiPaper-rounded MuiPaper-elevation1 MuiCard-root css-o5b05n-MuiPaper-root-MuiCard-root"
  >
    <div
      class="MuiCardHeader-root css-149tc0y-MuiCardHeader-root"
    >
      <div
        class="MuiCardHeader-avatar css-1r9wl67-MuiCardHeader-avatar"
      >
        <p
          class="MuiTypography-root MuiTypography-body1 makeStyles-stepNumber-4 css-1edfpdg-MuiTypography-root"
        >
          2
        </p>
      </div>
      <div
        class="MuiCardHeader-content css-1jkp9bu-MuiCardHeader-content"
      >
        <p
          class="MuiTypography-root MuiTypography-body1 makeStyles-stepName-5 css-1edfpdg-MuiTypography-root"
        >
          Would you like to support this app?
        </p>
      </div>
    </div>
    <input
      name="cardNumber"
      type="hidden"
    />
    <input
      name="expiry"
      type="hidden"
    />
    <input
      name="cvv"
      type="hidden"
    />
  </div>
</form>
`;
