// Vitest Snapshot v1, https://vitest.dev/guide/snapshot.html

exports[`<Dialog  /> > should match snapshot 1`] = `
<div
  class="MuiPaper-root MuiPaper-elevation MuiPaper-rounded MuiPaper-elevation1 MuiCard-root makeStyles-root-1 makeStyles-root-3 css-6fm6rz-MuiPaper-root-MuiCard-root"
>
  <div
    class="MuiCardContent-root css-1lt5qva-MuiCardContent-root"
  >
    <h5
      class="MuiTypography-root MuiTypography-h5 css-1kjk61m-MuiTypography-root"
    >
      Title
    </h5>
    <p
      class="MuiTypography-root MuiTypography-body1 css-1edfpdg-MuiTypography-root"
    >
      Body
    </p>
  </div>
  <div
    class="MuiCardActions-root MuiCardActions-spacing makeStyles-actions-2 css-xm0xqa-MuiCardActions-root"
  >
    <button
      class="MuiButtonBase-root MuiButton-root MuiButton-text MuiButton-textPrimary MuiButton-sizeMedium MuiButton-textSizeMedium MuiButton-colorPrimary MuiButton-root MuiButton-text MuiButton-textPrimary MuiButton-sizeMedium MuiButton-textSizeMedium MuiButton-colorPrimary css-iwthek-MuiButtonBase-root-MuiButton-root"
      style="color: rgb(86, 179, 255);"
      tabindex="0"
      type="button"
    >
      Cancel
    </button>
    <button
      class="MuiButtonBase-root MuiButton-root MuiButton-contained MuiButton-containedSecondary MuiButton-sizeMedium MuiButton-containedSizeMedium MuiButton-colorSecondary MuiButton-root MuiButton-contained MuiButton-containedSecondary MuiButton-sizeMedium MuiButton-containedSizeMedium MuiButton-colorSecondary css-1jl494x-MuiButtonBase-root-MuiButton-root"
      tabindex="0"
      type="button"
    >
      Discard
    </button>
  </div>
</div>
`;
